2026-07-24 17:19:09,324 | INFO | Saved screenshot: C:\Users\aroy438\OneDrive - PwC\Documents\work-in-sync\debug_output\screenshots\20260724_171909_01_login_page_opened.png
2026-07-24 17:19:09,333 | INFO | Saved HTML: C:\Users\aroy438\OneDrive - PwC\Documents\work-in-sync\debug_output\html\20260724_171909_01_login_page_opened.html
2026-07-24 17:19:09,360 | INFO | Saved visible text: C:\Users\aroy438\OneDrive - PwC\Documents\work-in-sync\debug_output\text\20260724_171909_01_login_page_opened.txt
2026-07-24 17:19:09,374 | INFO | Saved 1 frame dumps for step: 01_login_page_opened
2026-07-24 17:19:09,374 | INFO | Login manually in opened browser.
2026-07-24 17:22:01,075 | INFO | Saved screenshot: C:\Users\aroy438\OneDrive - PwC\Documents\work-in-sync\debug_output\screenshots\20260724_172200_01_login_page_opened.png
2026-07-24 17:22:01,087 | INFO | Saved HTML: C:\Users\aroy438\OneDrive - PwC\Documents\work-in-sync\debug_output\html\20260724_172201_01_login_page_opened.html
2026-07-24 17:22:01,101 | INFO | Saved visible text: C:\Users\aroy438\OneDrive - PwC\Documents\work-in-sync\debug_output\text\20260724_172201_01_login_page_opened.txt
2026-07-24 17:22:01,115 | INFO | Saved 1 frame dumps for step: 01_login_page_opened
2026-07-24 17:22:01,116 | INFO | Login manually in opened browser.
2026-07-24 17:29:32,816 | INFO | Saved screenshot: C:\Users\aroy438\OneDrive - PwC\Documents\work-in-sync\debug_output\screenshots\20260724_172932_01_login_page_opened.png
2026-07-24 17:29:32,826 | INFO | Saved HTML: C:\Users\aroy438\OneDrive - PwC\Documents\work-in-sync\debug_output\html\20260724_172932_01_login_page_opened.html
2026-07-24 17:29:32,841 | INFO | Saved visible text: C:\Users\aroy438\OneDrive - PwC\Documents\work-in-sync\debug_output\text\20260724_172932_01_login_page_opened.txt
2026-07-24 17:29:32,858 | INFO | Saved 1 frame dumps for step: 01_login_page_opened
2026-07-24 17:29:32,858 | INFO | Login manually in opened browser.
2026-07-24 17:55:10,816 | INFO | Saved screenshot: C:\Users\aroy438\OneDrive - PwC\Documents\work-in-sync\debug_output\screenshots\20260724_175510_10_dashboard_loaded.png
2026-07-24 17:55:10,945 | INFO | Saved HTML: C:\Users\aroy438\OneDrive - PwC\Documents\work-in-sync\debug_output\html\20260724_175510_10_dashboard_loaded.html
2026-07-24 17:55:10,986 | INFO | Saved visible text: C:\Users\aroy438\OneDrive - PwC\Documents\work-in-sync\debug_output\text\20260724_175510_10_dashboard_loaded.txt
2026-07-24 17:55:11,206 | INFO | Saved 2 frame dumps for step: 10_dashboard_loaded
2026-07-24 17:55:21,217 | WARNING | Logged in marker not found.
2026-07-24 17:55:21,369 | INFO | Saved screenshot: C:\Users\aroy438\OneDrive - PwC\Documents\work-in-sync\debug_output\screenshots\20260724_175521_11_logged_in_marker_not_found.png
2026-07-24 17:55:21,452 | INFO | Saved HTML: C:\Users\aroy438\OneDrive - PwC\Documents\work-in-sync\debug_output\html\20260724_175521_11_logged_in_marker_not_found.html
2026-07-24 17:55:21,458 | INFO | Saved visible text: C:\Users\aroy438\OneDrive - PwC\Documents\work-in-sync\debug_output\text\20260724_175521_11_logged_in_marker_not_found.txt
2026-07-24 17:55:21,559 | INFO | Saved 2 frame dumps for step: 11_logged_in_marker_not_found
2026-07-24 17:55:21,704 | INFO | Saved screenshot: C:\Users\aroy438\OneDrive - PwC\Documents\work-in-sync\debug_output\screenshots\20260724_175521_14_before_click_search_input.png
2026-07-24 17:55:21,791 | INFO | Saved HTML: C:\Users\aroy438\OneDrive - PwC\Documents\work-in-sync\debug_output\html\20260724_175521_14_before_click_search_input.html
2026-07-24 17:55:21,796 | INFO | Saved visible text: C:\Users\aroy438\OneDrive - PwC\Documents\work-in-sync\debug_output\text\20260724_175521_14_before_click_search_input.txt
2026-07-24 17:55:21,908 | INFO | Saved 2 frame dumps for step: 14_before_click_search_input
2026-07-24 17:55:46,912 | WARNING | Could not click search input: Locator.click: Timeout 25000ms exceeded.
Call log:
  - waiting for locator("input[placeholder='Search by name, ID or email']")

2026-07-24 17:55:47,104 | INFO | Saved screenshot: C:\Users\aroy438\OneDrive - PwC\Documents\work-in-sync\debug_output\screenshots\20260724_175546_15_search_input_click_failed.png
2026-07-24 17:55:47,210 | INFO | Saved HTML: C:\Users\aroy438\OneDrive - PwC\Documents\work-in-sync\debug_output\html\20260724_175547_15_search_input_click_failed.html
2026-07-24 17:55:47,215 | INFO | Saved visible text: C:\Users\aroy438\OneDrive - PwC\Documents\work-in-sync\debug_output\text\20260724_175547_15_search_input_click_failed.txt
2026-07-24 17:55:47,339 | INFO | Saved 2 frame dumps for step: 15_search_input_click_failed
2026-07-24 17:55:47,507 | INFO | Saved screenshot: C:\Users\aroy438\OneDrive - PwC\Documents\work-in-sync\debug_output\screenshots\20260724_175547_22_employee_1_101588348_before_fill_search.png
2026-07-24 17:55:47,593 | INFO | Saved HTML: C:\Users\aroy438\OneDrive - PwC\Documents\work-in-sync\debug_output\html\20260724_175547_22_employee_1_101588348_before_fill_search.html
2026-07-24 17:55:47,599 | INFO | Saved visible text: C:\Users\aroy438\OneDrive - PwC\Documents\work-in-sync\debug_output\text\20260724_175547_22_employee_1_101588348_before_fill_search.txt
2026-07-24 17:55:47,713 | INFO | Saved 2 frame dumps for step: 22_employee_1_101588348_before_fill_search
2026-07-24 17:56:12,717 | WARNING | Failed during search for 101588348: Locator.click: Timeout 25000ms exceeded.
Call log:
  - waiting for locator("input[placeholder='Search by name, ID or email']")

2026-07-24 17:56:12,889 | INFO | Saved screenshot: C:\Users\aroy438\OneDrive - PwC\Documents\work-in-sync\debug_output\screenshots\20260724_175612_24_employee_1_101588348_search_failed.png
2026-07-24 17:56:12,975 | INFO | Saved HTML: C:\Users\aroy438\OneDrive - PwC\Documents\work-in-sync\debug_output\html\20260724_175612_24_employee_1_101588348_search_failed.html
2026-07-24 17:56:12,983 | INFO | Saved visible text: C:\Users\aroy438\OneDrive - PwC\Documents\work-in-sync\debug_output\text\20260724_175612_24_employee_1_101588348_search_failed.txt
2026-07-24 17:56:13,112 | INFO | Saved 2 frame dumps for step: 24_employee_1_101588348_search_failed
2026-07-24 17:56:13,278 | INFO | Saved screenshot: C:\Users\aroy438\OneDrive - PwC\Documents\work-in-sync\debug_output\screenshots\20260724_175613_22_employee_2_101582442_before_fill_search.png
2026-07-24 17:56:13,374 | INFO | Saved HTML: C:\Users\aroy438\OneDrive - PwC\Documents\work-in-sync\debug_output\html\20260724_175613_22_employee_2_101582442_before_fill_search.html
2026-07-24 17:56:13,381 | INFO | Saved visible text: C:\Users\aroy438\OneDrive - PwC\Documents\work-in-sync\debug_output\text\20260724_175613_22_employee_2_101582442_before_fill_search.txt
2026-07-24 17:56:13,506 | INFO | Saved 2 frame dumps for step: 22_employee_2_101582442_before_fill_search
2026-07-24 17:56:38,510 | WARNING | Failed during search for 101582442: Locator.click: Timeout 25000ms exceeded.
Call log:
  - waiting for locator("input[placeholder='Search by name, ID or email']")

2026-07-24 17:56:38,670 | INFO | Saved screenshot: C:\Users\aroy438\OneDrive - PwC\Documents\work-in-sync\debug_output\screenshots\20260724_175638_24_employee_2_101582442_search_failed.png
2026-07-24 17:56:38,768 | INFO | Saved HTML: C:\Users\aroy438\OneDrive - PwC\Documents\work-in-sync\debug_output\html\20260724_175638_24_employee_2_101582442_search_failed.html
2026-07-24 17:56:38,775 | INFO | Saved visible text: C:\Users\aroy438\OneDrive - PwC\Documents\work-in-sync\debug_output\text\20260724_175638_24_employee_2_101582442_search_failed.txt
2026-07-24 17:56:38,910 | INFO | Saved 2 frame dumps for step: 24_employee_2_101582442_search_failed
2026-07-24 17:56:39,085 | INFO | Saved screenshot: C:\Users\aroy438\OneDrive - PwC\Documents\work-in-sync\debug_output\screenshots\20260724_175638_22_employee_3_101578754_before_fill_search.png
2026-07-24 17:56:39,167 | INFO | Saved HTML: C:\Users\aroy438\OneDrive - PwC\Documents\work-in-sync\debug_output\html\20260724_175639_22_employee_3_101578754_before_fill_search.html
2026-07-24 17:56:39,175 | INFO | Saved visible text: C:\Users\aroy438\OneDrive - PwC\Documents\work-in-sync\debug_output\text\20260724_175639_22_employee_3_101578754_before_fill_search.txt
2026-07-24 17:56:39,318 | INFO | Saved 2 frame dumps for step: 22_employee_3_101578754_before_fill_search
2026-07-24 17:57:04,330 | WARNING | Failed during search for 101578754: Locator.click: Timeout 25000ms exceeded.
Call log:
  - waiting for locator("input[placeholder='Search by name, ID or email']")

2026-07-24 18:04:05,415 | INFO | Saved screenshot: C:\Users\aroy438\OneDrive - PwC\Documents\work-in-sync\debug_output\screenshots\20260724_180404_01_initial_open.png
2026-07-24 18:04:05,495 | INFO | Saved HTML: C:\Users\aroy438\OneDrive - PwC\Documents\work-in-sync\debug_output\html\20260724_180405_01_initial_open.html
2026-07-24 18:04:05,511 | INFO | Saved visible text: C:\Users\aroy438\OneDrive - PwC\Documents\work-in-sync\debug_output\text\20260724_180405_01_initial_open.txt
2026-07-24 18:04:05,645 | INFO | Saved 2 frame dumps for step: 01_initial_open
2026-07-24 18:04:18,841 | INFO | Saved screenshot: C:\Users\aroy438\OneDrive - PwC\Documents\work-in-sync\debug_output\screenshots\20260724_180418_03_after_login_selection.png
2026-07-24 18:04:18,934 | INFO | Saved HTML: C:\Users\aroy438\OneDrive - PwC\Documents\work-in-sync\debug_output\html\20260724_180418_03_after_login_selection.html
2026-07-24 18:04:18,948 | INFO | Saved visible text: C:\Users\aroy438\OneDrive - PwC\Documents\work-in-sync\debug_output\text\20260724_180418_03_after_login_selection.txt
2026-07-24 18:04:19,125 | INFO | Saved 2 frame dumps for step: 03_after_login_selection
2026-07-24 18:04:32,276 | INFO | Saved screenshot: C:\Users\aroy438\OneDrive - PwC\Documents\work-in-sync\debug_output\screenshots\20260724_180432_05_after_view_team_calendar.png
2026-07-24 18:04:32,348 | INFO | Saved HTML: C:\Users\aroy438\OneDrive - PwC\Documents\work-in-sync\debug_output\html\20260724_180432_05_after_view_team_calendar.html
2026-07-24 18:04:32,354 | INFO | Saved visible text: C:\Users\aroy438\OneDrive - PwC\Documents\work-in-sync\debug_output\text\20260724_180432_05_after_view_team_calendar.txt
2026-07-24 18:04:32,449 | INFO | Saved 2 frame dumps for step: 05_after_view_team_calendar
2026-07-24 18:05:33,504 | INFO | Saved screenshot: C:\Users\aroy438\OneDrive - PwC\Documents\work-in-sync\debug_output\screenshots\20260724_180532_01_initial_open.png
2026-07-24 18:05:33,574 | INFO | Saved HTML: C:\Users\aroy438\OneDrive - PwC\Documents\work-in-sync\debug_output\html\20260724_180533_01_initial_open.html
2026-07-24 18:05:33,588 | INFO | Saved visible text: C:\Users\aroy438\OneDrive - PwC\Documents\work-in-sync\debug_output\text\20260724_180533_01_initial_open.txt
2026-07-24 18:05:33,699 | INFO | Saved 2 frame dumps for step: 01_initial_open
2026-07-24 18:05:46,874 | INFO | Saved screenshot: C:\Users\aroy438\OneDrive - PwC\Documents\work-in-sync\debug_output\screenshots\20260724_180546_03_after_login_selection.png
2026-07-24 18:05:46,980 | INFO | Saved HTML: C:\Users\aroy438\OneDrive - PwC\Documents\work-in-sync\debug_output\html\20260724_180546_03_after_login_selection.html
2026-07-24 18:05:46,988 | INFO | Saved visible text: C:\Users\aroy438\OneDrive - PwC\Documents\work-in-sync\debug_output\text\20260724_180546_03_after_login_selection.txt
2026-07-24 18:05:47,108 | INFO | Saved 2 frame dumps for step: 03_after_login_selection
2026-07-24 18:06:48,288 | INFO | Saved screenshot: C:\Users\aroy438\OneDrive - PwC\Documents\work-in-sync\debug_output\screenshots\20260724_180648_bot_01_dashboard_loaded.png
2026-07-24 18:06:48,397 | INFO | Saved HTML: C:\Users\aroy438\OneDrive - PwC\Documents\work-in-sync\debug_output\html\20260724_180648_bot_01_dashboard_loaded.html
2026-07-24 18:06:48,419 | INFO | Saved visible text: C:\Users\aroy438\OneDrive - PwC\Documents\work-in-sync\debug_output\text\20260724_180648_bot_01_dashboard_loaded.txt
2026-07-24 18:06:58,636 | INFO | Saved screenshot: C:\Users\aroy438\OneDrive - PwC\Documents\work-in-sync\debug_output\screenshots\20260724_180658_bot_02_logged_in_not_confirmed.png
2026-07-24 18:06:58,746 | INFO | Saved HTML: C:\Users\aroy438\OneDrive - PwC\Documents\work-in-sync\debug_output\html\20260724_180658_bot_02_logged_in_not_confirmed.html
2026-07-24 18:06:58,761 | INFO | Saved visible text: C:\Users\aroy438\OneDrive - PwC\Documents\work-in-sync\debug_output\text\20260724_180658_bot_02_logged_in_not_confirmed.txt
2026-07-24 18:06:58,762 | ERROR | Login session not active in opened Edge window.
2026-07-24 18:08:08,961 | INFO | Saved screenshot: C:\Users\aroy438\OneDrive - PwC\Documents\work-in-sync\debug_output\screenshots\20260724_180808_01_initial_open.png
2026-07-24 18:08:09,060 | INFO | Saved HTML: C:\Users\aroy438\OneDrive - PwC\Documents\work-in-sync\debug_output\html\20260724_180808_01_initial_open.html
2026-07-24 18:08:09,084 | INFO | Saved visible text: C:\Users\aroy438\OneDrive - PwC\Documents\work-in-sync\debug_output\text\20260724_180809_01_initial_open.txt
2026-07-24 18:08:09,307 | INFO | Saved 2 frame dumps for step: 01_initial_open
2026-07-24 18:08:22,754 | INFO | Saved screenshot: C:\Users\aroy438\OneDrive - PwC\Documents\work-in-sync\debug_output\screenshots\20260724_180822_03_after_login_selection.png
2026-07-24 18:08:22,831 | INFO | Saved HTML: C:\Users\aroy438\OneDrive - PwC\Documents\work-in-sync\debug_output\html\20260724_180822_03_after_login_selection.html
2026-07-24 18:08:22,839 | INFO | Saved visible text: C:\Users\aroy438\OneDrive - PwC\Documents\work-in-sync\debug_output\text\20260724_180822_03_after_login_selection.txt
2026-07-24 18:08:22,993 | INFO | Saved 2 frame dumps for step: 03_after_login_selection
2026-07-24 18:08:36,184 | INFO | Saved screenshot: C:\Users\aroy438\OneDrive - PwC\Documents\work-in-sync\debug_output\screenshots\20260724_180836_05_after_view_team_calendar.png
2026-07-24 18:08:36,190 | INFO | Saved HTML: C:\Users\aroy438\OneDrive - PwC\Documents\work-in-sync\debug_output\html\20260724_180836_05_after_view_team_calendar.html
2026-07-24 18:08:36,201 | INFO | Saved visible text: C:\Users\aroy438\OneDrive - PwC\Documents\work-in-sync\debug_output\text\20260724_180836_05_after_view_team_calendar.txt
2026-07-24 18:08:36,225 | INFO | Saved 1 frame dumps for step: 05_after_view_team_calendar
2026-07-24 18:09:09,691 | INFO | Saved screenshot: C:\Users\aroy438\OneDrive - PwC\Documents\work-in-sync\debug_output\screenshots\20260724_180909_01_initial_open.png
2026-07-24 18:09:09,723 | INFO | Saved HTML: C:\Users\aroy438\OneDrive - PwC\Documents\work-in-sync\debug_output\html\20260724_180909_01_initial_open.html
2026-07-24 18:09:09,749 | INFO | Saved visible text: C:\Users\aroy438\OneDrive - PwC\Documents\work-in-sync\debug_output\text\20260724_180909_01_initial_open.txt
2026-07-24 18:09:09,786 | INFO | Saved 1 frame dumps for step: 01_initial_open
2026-07-24 18:09:10,018 | INFO | Saved screenshot: C:\Users\aroy438\OneDrive - PwC\Documents\work-in-sync\debug_output\screenshots\20260724_180909_02_pick_pwc_account_before.png
2026-07-24 18:09:10,045 | INFO | Saved HTML: C:\Users\aroy438\OneDrive - PwC\Documents\work-in-sync\debug_output\html\20260724_180910_02_pick_pwc_account_before.html
2026-07-24 18:09:10,061 | INFO | Saved visible text: C:\Users\aroy438\OneDrive - PwC\Documents\work-in-sync\debug_output\text\20260724_180910_02_pick_pwc_account_before.txt
2026-07-24 18:09:10,095 | INFO | Saved 1 frame dumps for step: 02_pick_pwc_account_before
2026-07-24 18:09:15,911 | INFO | Saved screenshot: C:\Users\aroy438\OneDrive - PwC\Documents\work-in-sync\debug_output\screenshots\20260724_180915_02_pick_pwc_account_after.png
2026-07-24 18:09:16,010 | INFO | Saved HTML: C:\Users\aroy438\OneDrive - PwC\Documents\work-in-sync\debug_output\html\20260724_180915_02_pick_pwc_account_after.html
2026-07-24 18:09:16,080 | INFO | Saved visible text: C:\Users\aroy438\OneDrive - PwC\Documents\work-in-sync\debug_output\text\20260724_180916_02_pick_pwc_account_after.txt
2026-07-24 18:09:16,271 | INFO | Saved 2 frame dumps for step: 02_pick_pwc_account_after
2026-07-24 18:09:24,538 | INFO | Saved screenshot: C:\Users\aroy438\OneDrive - PwC\Documents\work-in-sync\debug_output\screenshots\20260724_180924_03_after_login_selection.png
2026-07-24 18:09:24,644 | INFO | Saved HTML: C:\Users\aroy438\OneDrive - PwC\Documents\work-in-sync\debug_output\html\20260724_180924_03_after_login_selection.html
2026-07-24 18:09:24,652 | INFO | Saved visible text: C:\Users\aroy438\OneDrive - PwC\Documents\work-in-sync\debug_output\text\20260724_180924_03_after_login_selection.txt
2026-07-24 18:09:24,821 | INFO | Saved 2 frame dumps for step: 03_after_login_selection
2026-07-24 18:09:37,998 | INFO | Saved screenshot: C:\Users\aroy438\OneDrive - PwC\Documents\work-in-sync\debug_output\screenshots\20260724_180937_05_after_view_team_calendar.png
2026-07-24 18:09:38,090 | INFO | Saved HTML: C:\Users\aroy438\OneDrive - PwC\Documents\work-in-sync\debug_output\html\20260724_180937_05_after_view_team_calendar.html
2026-07-24 18:09:38,096 | INFO | Saved visible text: C:\Users\aroy438\OneDrive - PwC\Documents\work-in-sync\debug_output\text\20260724_180938_05_after_view_team_calendar.txt
2026-07-24 18:09:38,210 | INFO | Saved 2 frame dumps for step: 05_after_view_team_calendar
2026-07-24 18:10:27,141 | INFO | Saved screenshot: C:\Users\aroy438\OneDrive - PwC\Documents\work-in-sync\debug_output\screenshots\20260724_181021_bot_01_dashboard_loaded.png
2026-07-24 18:10:27,226 | INFO | Saved HTML: C:\Users\aroy438\OneDrive - PwC\Documents\work-in-sync\debug_output\html\20260724_181027_bot_01_dashboard_loaded.html
2026-07-24 18:10:27,239 | INFO | Saved visible text: C:\Users\aroy438\OneDrive - PwC\Documents\work-in-sync\debug_output\text\20260724_181027_bot_01_dashboard_loaded.txt
2026-07-24 18:10:41,060 | INFO | Saved screenshot: C:\Users\aroy438\OneDrive - PwC\Documents\work-in-sync\debug_output\screenshots\20260724_181037_bot_02_logged_in_not_confirmed.png
2026-07-24 18:10:41,139 | INFO | Saved HTML: C:\Users\aroy438\OneDrive - PwC\Documents\work-in-sync\debug_output\html\20260724_181041_bot_02_logged_in_not_confirmed.html
2026-07-24 18:10:41,147 | INFO | Saved visible text: C:\Users\aroy438\OneDrive - PwC\Documents\work-in-sync\debug_output\text\20260724_181041_bot_02_logged_in_not_confirmed.txt
2026-07-24 18:10:41,148 | ERROR | Login session not active in opened Edge window.
